
> derock-blog-v2@0.0.1 dev /home/derock/Documents/Code/derock.blog
> astro dev


 astro  v4.4.11 ready in 813 ms

┃ Local    http://localhost:4321/
┃ Network  use --host to expose

21:44:47 watching for file changes...
21:44:57 [astro-icon] Loaded icons from fa6-brands, mdi
21:44:59 [200] /post/science-olympiad-robot-tour 665ms
21:44:59 [200] /post/science-olympiad-robot-tour 666ms
21:46:16 [watch] src/content/blog/Science Olympiad Robot Tour.md
21:46:17 [200] /post/science-olympiad-robot-tour 30ms
21:46:43 [watch] src/content/blog/Science Olympiad Robot Tour.md
21:46:44 [200] /post/science-olympiad-robot-tour 69ms
21:47:22 [watch] src/content/blog/Science Olympiad Robot Tour.md
21:47:22 [200] /post/science-olympiad-robot-tour 33ms
21:47:31 [watch] src/content/blog/Science Olympiad Robot Tour.md
21:47:32 [200] /post/science-olympiad-robot-tour 25ms
21:47:36 [watch] src/content/blog/Science Olympiad Robot Tour.md
21:47:37 [200] /post/science-olympiad-robot-tour 41ms
21:52:54 [watch] src/content/blog/Science Olympiad Robot Tour.md
21:52:54 [200] /post/science-olympiad-robot-tour 65ms
21:53:09 [watch] src/content/blog/Science Olympiad Robot Tour.md
21:53:10 [200] /post/science-olympiad-robot-tour 41ms
21:53:14 [watch] src/content/blog/Science Olympiad Robot Tour.md
21:53:15 [200] /post/science-olympiad-robot-tour 41ms
21:53:16 [watch] src/content/blog/Science Olympiad Robot Tour.md
21:53:16 [200] /post/science-olympiad-robot-tour 58ms
21:53:18 [watch] src/content/blog/Science Olympiad Robot Tour.md
21:53:21 [200] /post/science-olympiad-robot-tour 41ms
21:54:16 [watch] src/content/blog/Science Olympiad Robot Tour.md
21:54:17 [200] /post/science-olympiad-robot-tour 92ms
21:54:52 [watch] src/content/blog/Science Olympiad Robot Tour.md
21:54:53 [200] /post/science-olympiad-robot-tour 30ms

> derock-blog-v2@0.0.1 dev /home/derock/Documents/Code/derock.blog
> astro dev


 astro  v4.4.11 ready in 990 ms

┃ Local    http://localhost:4321/
┃ Network  use --host to expose

14:36:53 watching for file changes...
14:36:54 [astro-icon] Loaded icons from fa6-brands, mdi
14:36:56 [200] / 50ms
14:37:45 [watch] src/pages/tags/[...slug].astro
14:37:45 [200] / 12ms
14:37:54 [watch] src/pages/tags/[...slug].astro
14:37:54 [200] / 9ms
14:38:07 [watch] src/pages/tags/[...slug].astro
14:38:07 [200] / 7ms
14:38:17 [watch] src/pages/tags/[...slug].astro
14:38:17 [200] / 9ms
14:39:11 [200] /post/science-olympiad-robot-tour 776ms
14:39:44 [watch] src/content/blog/Science Olympiad Robot Tour.md
14:39:44 [200] /post/science-olympiad-robot-tour 32ms
14:44:15 [watch] src/content/blog/Science Olympiad Robot Tour.md
14:44:15 [200] /post/science-olympiad-robot-tour 35ms
14:50:35 [watch] src/content/blog/Science Olympiad Robot Tour.md
14:50:35 [200] /post/science-olympiad-robot-tour 43ms
14:50:59 [watch] src/content/blog/Science Olympiad Robot Tour.md
14:50:59 [200] /post/science-olympiad-robot-tour 31ms
14:51:02 [watch] src/content/blog/Science Olympiad Robot Tour.md
14:51:02 [200] /post/science-olympiad-robot-tour 51ms
14:52:00 [watch] src/content/blog/Science Olympiad Robot Tour.md
14:52:01 [200] /post/science-olympiad-robot-tour 28ms
14:52:37 [watch] src/content/blog/Science Olympiad Robot Tour.md
14:52:38 [200] /post/science-olympiad-robot-tour 44ms
14:59:32 [watch] src/content/blog/Science Olympiad Robot Tour.md
14:59:32 [200] /post/science-olympiad-robot-tour 26ms
15:01:03 [watch] src/content/blog/Science Olympiad Robot Tour.md
15:01:03 [200] /post/science-olympiad-robot-tour 43ms
15:03:15 [watch] src/content/blog/Science Olympiad Robot Tour.md
15:03:15 [200] /post/science-olympiad-robot-tour 49ms
15:03:27 [watch] src/content/blog/Science Olympiad Robot Tour.md
15:03:27 [200] /post/science-olympiad-robot-tour 73ms
15:03:29 [watch] src/content/blog/Science Olympiad Robot Tour.md
15:03:30 [200] /post/science-olympiad-robot-tour 25ms
15:03:32 [watch] src/content/blog/Science Olympiad Robot Tour.md
15:03:33 [200] /post/science-olympiad-robot-tour 35ms
15:03:35 [watch] src/content/blog/Science Olympiad Robot Tour.md
15:03:35 [200] /post/science-olympiad-robot-tour 80ms
15:03:41 [watch] src/content/blog/Science Olympiad Robot Tour.md
15:03:41 [200] /post/science-olympiad-robot-tour 39ms
15:03:46 [watch] src/content/blog/Science Olympiad Robot Tour.md
15:03:47 [200] /post/science-olympiad-robot-tour 26ms
15:05:06 [watch] src/content/blog/Science Olympiad Robot Tour.md
15:05:07 [200] /post/science-olympiad-robot-tour 64ms

> derock-blog-v2@0.0.1 dev /home/derock/Documents/Code/derock.blog
> astro dev

10:56:30 [vite] Re-optimizing dependencies because vite config has changed

 astro  v4.4.11 ready in 1314 ms

┃ Local    http://localhost:4321/
┃ Network  use --host to expose

10:56:30 watching for file changes...
10:57:16 [astro-icon] Loaded icons from fa6-brands, mdi
10:57:17 [200] / 36ms
11:06:30 [watch] src/content/blog/Science Olympiad Robot Tour.md
11:06:30 [200] / 30ms
11:06:32 [200] /post/science-olympiad-robot-tour 848ms
11:07:47 [200] / 17ms
11:07:49 [200] /post/vex-robotics/introduction 85ms
11:08:03 [200] / 15ms
11:08:05 [200] /post/vex-robotics/introduction 9ms
11:08:10 [200] / 10ms
11:08:26 [200] /post/science-olympiad-robot-tour 12ms
11:09:37 [watch] src/content/blog/Science Olympiad Robot Tour.md
11:09:38 [200] /post/science-olympiad-robot-tour 52ms
11:11:24 [watch] src/content/blog/Science Olympiad Robot Tour.md
11:11:24 [200] /post/science-olympiad-robot-tour 47ms
11:11:26 [watch] src/content/blog/Science Olympiad Robot Tour.md
11:11:29 [200] /post/science-olympiad-robot-tour 79ms
11:11:31 [watch] src/content/blog/Science Olympiad Robot Tour.md
11:11:33 [200] /post/science-olympiad-robot-tour 53ms
11:11:42 [watch] src/content/blog/Science Olympiad Robot Tour.md
11:11:43 [200] /post/science-olympiad-robot-tour 35ms
11:13:38 [watch] src/content/blog/Science Olympiad Robot Tour.md
11:13:39 [200] /post/science-olympiad-robot-tour 76ms
11:18:41 [watch] src/content/blog/Science Olympiad Robot Tour.md
11:18:42 [200] /post/science-olympiad-robot-tour 45ms
11:19:51 [watch] src/content/blog/Science Olympiad Robot Tour.md
11:19:51 [200] /post/science-olympiad-robot-tour 44ms
11:20:04 [watch] src/content/blog/Science Olympiad Robot Tour.md
11:20:05 [200] /post/science-olympiad-robot-tour 44ms
11:20:08 [watch] src/content/blog/Science Olympiad Robot Tour.md
11:20:09 [200] /post/science-olympiad-robot-tour 48ms
11:20:16 [watch] src/content/blog/Science Olympiad Robot Tour.md
11:20:16 [200] /post/science-olympiad-robot-tour 45ms
11:20:19 [watch] src/content/blog/Science Olympiad Robot Tour.md
11:20:20 [200] /post/science-olympiad-robot-tour 56ms
11:20:28 [watch] src/content/blog/Science Olympiad Robot Tour.md
11:20:28 [200] /post/science-olympiad-robot-tour 46ms
11:20:29 [watch] src/content/blog/Science Olympiad Robot Tour.md
11:20:29 [200] /post/science-olympiad-robot-tour 47ms
11:20:32 [200] /post/science-olympiad-robot-tour 3ms
11:21:17 [watch] /src/styles/global.css
11:22:42 [watch] src/content/blog/Science Olympiad Robot Tour.md
11:22:42 [200] /post/science-olympiad-robot-tour 68ms
11:24:47 [watch] src/content/blog/Science Olympiad Robot Tour.md
11:24:47 [200] /post/science-olympiad-robot-tour 35ms
11:25:29 [watch] src/content/blog/Science Olympiad Robot Tour.md
11:25:29 [200] /post/science-olympiad-robot-tour 52ms
11:25:40 [watch] src/content/blog/Science Olympiad Robot Tour.md
11:25:40 [200] /post/science-olympiad-robot-tour 47ms
11:26:42 [watch] src/content/blog/Science Olympiad Robot Tour.md
11:26:42 [200] /post/science-olympiad-robot-tour 56ms
11:40:33 [watch] src/content/blog/Science Olympiad Robot Tour.md
11:40:33 [200] /post/science-olympiad-robot-tour 47ms
11:40:36 [watch] src/content/blog/Science Olympiad Robot Tour.md
11:40:37 [200] /post/science-olympiad-robot-tour 80ms
11:41:09 [watch] src/content/blog/Science Olympiad Robot Tour.md
11:41:09 [200] /post/science-olympiad-robot-tour 48ms
11:41:27 [watch] src/content/blog/Science Olympiad Robot Tour.md
11:41:27 [200] /post/science-olympiad-robot-tour 56ms
11:44:19 Configuration file updated. Restarting...
11:44:19 [vite] Re-optimizing dependencies because lockfile has changed
14:02:54 Configuration file updated. Restarting...
[astro] Unable to load your Astro config

14:02:55 [ERROR] [config] Failed to parse source for import analysis because the content contains invalid JS syntax. If you are using JSX, make sure to name the file with the .jsx or .tsx extension.
  Stack trace:
    at /home/derock/Documents/Code/derock.blog/astro.config.mjs:12:68
    [...] See full stack trace in the browser, or rerun with --verbose.

14:02:55 [ERROR] Continuing with previous valid configuration

14:03:08 Configuration file updated. Restarting...
14:03:17 Configuration file updated. Restarting...
[config] Astro found issue(s) with your configuration:
  ! integrations.5  Expected object, received function.

14:03:17 [ERROR] Continuing with previous valid configuration

14:07:46 [astro-icon] Loaded icons from fa6-brands, mdi
14:07:48 [200] /post/science-olympiad-robot-tour 331ms
14:07:48 [200] /post/science-olympiad-robot-tour 332ms
14:08:21 Configuration file updated. Restarting...
14:12:55 [astro-icon] Loaded icons from fa6-brands, mdi
14:12:56 [200] /post/science-olympiad-robot-tour 318ms
14:13:14 [watch] src/content/blog/Science Olympiad Robot Tour.md
Error: Failed to parse Markdown file "/home/derock/Documents/Code/derock.blog/src/content/blog/Science Olympiad Robot Tour.md":
Failed to launch the browser process!
Could not start dynamically linked executable: /home/derock/Documents/Code/derock.blog/node_modules/.pnpm/puppeteer-core@18.2.1/node_modules/puppeteer-core/.local-chromium/linux-1045629/chrome-linux/chrome
NixOS cannot run dynamically linked executables intended for generic
linux environments out of the box. For more information, see:
https://nix.dev/permalink/stub-ld


TROUBLESHOOTING: https://github.com/puppeteer/puppeteer/blob/main/docs/troubleshooting.md

    at onClose (file:///home/derock/Documents/Code/derock.blog/node_modules/.pnpm/puppeteer-core@18.2.1/node_modules/puppeteer-core/lib/esm/puppeteer/node/BrowserRunner.js:269:20)
    at Interface.<anonymous> (file:///home/derock/Documents/Code/derock.blog/node_modules/.pnpm/puppeteer-core@18.2.1/node_modules/puppeteer-core/lib/esm/puppeteer/node/BrowserRunner.js:257:24)
    at Interface.emit (node:events:530:35)
    at Interface.close (node:internal/readline/interface:527:10)
    at Socket.onend (node:internal/readline/interface:253:10)
    at Socket.emit (node:events:530:35)
    at endReadableNT (node:internal/streams/readable:1696:12)
    at process.processTicksAndRejections (node:internal/process/task_queues:82:21)
14:13:14 [ERROR] Failed to parse Markdown file "/home/derock/Documents/Code/derock.blog/src/content/blog/Science Olympiad Robot Tour.md":
Failed to launch the browser process!
Could not start dynamically linked executable: /home/derock/Documents/Code/derock.blog/node_modules/.pnpm/puppeteer-core@18.2.1/node_modules/puppeteer-core/.local-chromium/linux-1045629/chrome-linux/chrome
NixOS cannot run dynamically linked executables intended for generic
linux environments out of the box. For more information, see:
https://nix.dev/permalink/stub-ld


TROUBLESHOOTING: https://github.com/puppeteer/puppeteer/blob/main/docs/troubleshooting.md

  Stack trace:
    at /home/derock/Documents/Code/derock.blog/src/content/blog/Science Olympiad Robot Tour.md?astroPropagatedAssets
    [...] See full stack trace in the browser, or rerun with --verbose.
14:14:03 Configuration file updated. Restarting...
2:14:03 PM [vite] Pre-transform error: Failed to load url rehype-mermaid (resolved id: rehype-mermaid) in /home/derock/Documents/Code/derock.blog/astro.config.mjs. Does the file exist?
2:14:03 PM [vite] Error when evaluating SSR module /home/derock/Documents/Code/derock.blog/astro.config.mjs: failed to import "rehype-mermaid"
|- Error: Cannot find module 'rehype-mermaid' imported from '/home/derock/Documents/Code/derock.blog/astro.config.mjs'
    at nodeImport (file:///home/derock/Documents/Code/derock.blog/node_modules/.pnpm/vite@5.1.5/node_modules/vite/dist/node/chunks/dep-G-px366b.js:54789:25)
    at ssrImport (file:///home/derock/Documents/Code/derock.blog/node_modules/.pnpm/vite@5.1.5/node_modules/vite/dist/node/chunks/dep-G-px366b.js:54696:30)
    at eval (/home/derock/Documents/Code/derock.blog/astro.config.mjs:10:37)
    at async instantiateModule (file:///home/derock/Documents/Code/derock.blog/node_modules/.pnpm/vite@5.1.5/node_modules/vite/dist/node/chunks/dep-G-px366b.js:54758:9)

[astro] Unable to load your Astro config

14:14:04 [ERROR] [config] Cannot find module 'rehype-mermaid' imported from '/home/derock/Documents/Code/derock.blog/astro.config.mjs'
  Stack trace:
    at /home/derock/Documents/Code/derock.blog/node_modules/.pnpm/vite@5.1.5/node_modules/vite/dist/node/chunks/dep-G-px366b.js:54789:25
    [...] See full stack trace in the browser, or rerun with --verbose.

14:14:04 [ERROR] Continuing with previous valid configuration

Error: Failed to parse Markdown file "/home/derock/Documents/Code/derock.blog/src/content/blog/Science Olympiad Robot Tour.md":
Failed to launch the browser process!
Could not start dynamically linked executable: /home/derock/Documents/Code/derock.blog/node_modules/.pnpm/puppeteer-core@18.2.1/node_modules/puppeteer-core/.local-chromium/linux-1045629/chrome-linux/chrome
NixOS cannot run dynamically linked executables intended for generic
linux environments out of the box. For more information, see:
https://nix.dev/permalink/stub-ld


TROUBLESHOOTING: https://github.com/puppeteer/puppeteer/blob/main/docs/troubleshooting.md

    at onClose (file:///home/derock/Documents/Code/derock.blog/node_modules/.pnpm/puppeteer-core@18.2.1/node_modules/puppeteer-core/lib/esm/puppeteer/node/BrowserRunner.js:269:20)
    at Interface.<anonymous> (file:///home/derock/Documents/Code/derock.blog/node_modules/.pnpm/puppeteer-core@18.2.1/node_modules/puppeteer-core/lib/esm/puppeteer/node/BrowserRunner.js:257:24)
    at Interface.emit (node:events:530:35)
    at Interface.close (node:internal/readline/interface:527:10)
    at Socket.onend (node:internal/readline/interface:253:10)
    at Socket.emit (node:events:530:35)
    at endReadableNT (node:internal/streams/readable:1696:12)
    at process.processTicksAndRejections (node:internal/process/task_queues:82:21)
14:14:04 [ERROR] Failed to parse Markdown file "/home/derock/Documents/Code/derock.blog/src/content/blog/Science Olympiad Robot Tour.md":
Failed to launch the browser process!
Could not start dynamically linked executable: /home/derock/Documents/Code/derock.blog/node_modules/.pnpm/puppeteer-core@18.2.1/node_modules/puppeteer-core/.local-chromium/linux-1045629/chrome-linux/chrome
NixOS cannot run dynamically linked executables intended for generic
linux environments out of the box. For more information, see:
https://nix.dev/permalink/stub-ld


TROUBLESHOOTING: https://github.com/puppeteer/puppeteer/blob/main/docs/troubleshooting.md

  Stack trace:
    at /home/derock/Documents/Code/derock.blog/src/content/blog/Science Olympiad Robot Tour.md?astroPropagatedAssets
    [...] See full stack trace in the browser, or rerun with --verbose.
14:14:19 Configuration file updated. Restarting...
14:14:19 [vite] Re-optimizing dependencies because lockfile has changed
14:14:20 [astro-icon] Loaded icons from fa6-brands, mdi
14:14:22 [200] /post/science-olympiad-robot-tour 305ms
14:14:38 Configuration file updated. Restarting...
14:14:41 [astro-icon] Loaded icons from fa6-brands, mdi
14:14:43 [200] /post/science-olympiad-robot-tour 402ms
14:14:43 [200] /post/science-olympiad-robot-tour 402ms
14:18:22 [watch] src/content/blog/Science Olympiad Robot Tour.md
14:18:24 [200] /post/science-olympiad-robot-tour 138ms
14:19:32 [watch] src/content/blog/Science Olympiad Robot Tour.md
14:19:32 [200] /post/science-olympiad-robot-tour 48ms
14:19:34 [watch] src/content/blog/Science Olympiad Robot Tour.md
14:19:34 [200] /post/science-olympiad-robot-tour 54ms
14:45:05 Configuration file updated. Restarting...
2:45:05 PM [vite] Error when evaluating SSR module /home/derock/Documents/Code/derock.blog/astro.config.mjs: failed to import "astro-diagram/remark-mermaid"
|- Error: Cannot find module 'astro-diagram/remark-mermaid' imported from '/home/derock/Documents/Code/derock.blog/astro.config.mjs'
    at nodeImport (file:///home/derock/Documents/Code/derock.blog/node_modules/.pnpm/vite@5.1.5/node_modules/vite/dist/node/chunks/dep-G-px366b.js:54789:25)
    at ssrImport (file:///home/derock/Documents/Code/derock.blog/node_modules/.pnpm/vite@5.1.5/node_modules/vite/dist/node/chunks/dep-G-px366b.js:54696:30)
    at eval (/home/derock/Documents/Code/derock.blog/astro.config.mjs:9:37)
    at async instantiateModule (file:///home/derock/Documents/Code/derock.blog/node_modules/.pnpm/vite@5.1.5/node_modules/vite/dist/node/chunks/dep-G-px366b.js:54758:9)

2:45:05 PM [vite] Pre-transform error: Failed to load url astro-diagram/remark-mermaid (resolved id: astro-diagram/remark-mermaid) in /home/derock/Documents/Code/derock.blog/astro.config.mjs. Does the file exist?
[astro] Unable to load your Astro config

14:45:05 [ERROR] [config] Cannot find module 'astro-diagram/remark-mermaid' imported from '/home/derock/Documents/Code/derock.blog/astro.config.mjs'
  Stack trace:
    at /home/derock/Documents/Code/derock.blog/node_modules/.pnpm/vite@5.1.5/node_modules/vite/dist/node/chunks/dep-G-px366b.js:54789:25
    [...] See full stack trace in the browser, or rerun with --verbose.

14:45:05 [ERROR] Continuing with previous valid configuration

14:45:06 [200] /post/science-olympiad-robot-tour 6ms
14:45:22 Configuration file updated. Restarting...
2:45:22 PM [vite] Error when evaluating SSR module /home/derock/Documents/Code/derock.blog/astro.config.mjs: failed to import "astro-diagram/remark-mermaid"
|- Error: Cannot find module 'astro-diagram/remark-mermaid' imported from '/home/derock/Documents/Code/derock.blog/astro.config.mjs'
    at nodeImport (file:///home/derock/Documents/Code/derock.blog/node_modules/.pnpm/vite@5.1.5/node_modules/vite/dist/node/chunks/dep-G-px366b.js:54789:25)
    at ssrImport (file:///home/derock/Documents/Code/derock.blog/node_modules/.pnpm/vite@5.1.5/node_modules/vite/dist/node/chunks/dep-G-px366b.js:54696:30)
    at eval (/home/derock/Documents/Code/derock.blog/astro.config.mjs:9:37)
    at async instantiateModule (file:///home/derock/Documents/Code/derock.blog/node_modules/.pnpm/vite@5.1.5/node_modules/vite/dist/node/chunks/dep-G-px366b.js:54758:9)

2:45:22 PM [vite] Pre-transform error: Failed to load url astro-diagram/remark-mermaid (resolved id: astro-diagram/remark-mermaid) in /home/derock/Documents/Code/derock.blog/astro.config.mjs. Does the file exist?
2:45:22 PM [vite] Pre-transform error: Failed to load url rehype-mermaid (resolved id: rehype-mermaid) in /home/derock/Documents/Code/derock.blog/astro.config.mjs. Does the file exist?
[astro] Unable to load your Astro config

14:45:22 [ERROR] [config] Cannot find module 'astro-diagram/remark-mermaid' imported from '/home/derock/Documents/Code/derock.blog/astro.config.mjs'
  Stack trace:
    at /home/derock/Documents/Code/derock.blog/node_modules/.pnpm/vite@5.1.5/node_modules/vite/dist/node/chunks/dep-G-px366b.js:54789:25
    [...] See full stack trace in the browser, or rerun with --verbose.

14:45:22 [ERROR] Continuing with previous valid configuration

14:45:22 [200] /post/science-olympiad-robot-tour 8ms
14:45:41 Configuration file updated. Restarting...
2:45:41 PM [vite] Pre-transform error: Failed to load url astro-diagram/remark-mermaid (resolved id: astro-diagram/remark-mermaid) in /home/derock/Documents/Code/derock.blog/astro.config.mjs. Does the file exist?
2:45:41 PM [vite] Pre-transform error: Failed to load url rehype-mermaid (resolved id: rehype-mermaid) in /home/derock/Documents/Code/derock.blog/astro.config.mjs. Does the file exist?
2:45:41 PM [vite] Error when evaluating SSR module /home/derock/Documents/Code/derock.blog/astro.config.mjs: failed to import "astro-diagram/remark-mermaid"
|- Error: Cannot find module 'astro-diagram/remark-mermaid' imported from '/home/derock/Documents/Code/derock.blog/astro.config.mjs'
    at nodeImport (file:///home/derock/Documents/Code/derock.blog/node_modules/.pnpm/vite@5.1.5/node_modules/vite/dist/node/chunks/dep-G-px366b.js:54789:25)
    at ssrImport (file:///home/derock/Documents/Code/derock.blog/node_modules/.pnpm/vite@5.1.5/node_modules/vite/dist/node/chunks/dep-G-px366b.js:54696:30)
    at eval (/home/derock/Documents/Code/derock.blog/astro.config.mjs:9:37)
    at async instantiateModule (file:///home/derock/Documents/Code/derock.blog/node_modules/.pnpm/vite@5.1.5/node_modules/vite/dist/node/chunks/dep-G-px366b.js:54758:9)

[astro] Unable to load your Astro config

14:45:42 [ERROR] [config] Cannot find module 'astro-diagram/remark-mermaid' imported from '/home/derock/Documents/Code/derock.blog/astro.config.mjs'
  Stack trace:
    at /home/derock/Documents/Code/derock.blog/node_modules/.pnpm/vite@5.1.5/node_modules/vite/dist/node/chunks/dep-G-px366b.js:54789:25
    [...] See full stack trace in the browser, or rerun with --verbose.

14:45:42 [ERROR] Continuing with previous valid configuration

14:45:42 [200] /post/science-olympiad-robot-tour 5ms
14:47:23 Configuration file updated. Restarting...
14:47:23 [vite] Re-optimizing dependencies because lockfile has changed
14:47:24 Configuration file updated. Restarting...
14:47:29 Configuration file updated. Restarting...
14:47:31 [astro-icon] Loaded icons from fa6-brands, mdi
14:47:33 [200] /post/science-olympiad-robot-tour 342ms
14:47:33 [200] /post/science-olympiad-robot-tour 343ms
14:48:04 [watch] src/content/blog/Science Olympiad Robot Tour.md
14:48:04 [200] /post/science-olympiad-robot-tour 97ms
14:48:16 [watch] src/content/blog/Science Olympiad Robot Tour.md
14:48:16 [200] /post/science-olympiad-robot-tour 69ms
14:48:59 Configuration file updated. Restarting...
14:49:00 [astro-icon] Loaded icons from fa6-brands, mdi
14:49:02 [200] /post/science-olympiad-robot-tour 328ms
14:49:07 Configuration file updated. Restarting...
(node:14845) MaxListenersExceededWarning: Possible EventEmitter memory leak detected. 11 unhandledRejection listeners added to [process]. Use emitter.setMaxListeners() to increase limit
(Use `node --trace-warnings ...` to show where the warning was created)
14:49:08 [astro-icon] Loaded icons from fa6-brands, mdi
14:49:10 [200] /post/science-olympiad-robot-tour 298ms
14:49:11 [200] /post/science-olympiad-robot-tour 6ms

> derock-blog-v2@0.0.1 dev /home/derock/Documents/Code/derock.blog
> astro dev


 astro  v4.4.11 ready in 1058 ms

┃ Local    http://localhost:4321/
┃ Network  use --host to expose

14:49:48 watching for file changes...
14:49:50 [astro-icon] Loaded icons from fa6-brands, mdi
14:49:52 [200] /post/science-olympiad-robot-tour 749ms
15:52:08 [watch] src/content/blog/Science Olympiad Robot Tour.md
15:52:08 [200] /post/science-olympiad-robot-tour 94ms
15:52:13 [200] /post/science-olympiad-robot-tour 6ms
15:52:35 [watch] src/content/blog/Science Olympiad Robot Tour.md
15:52:36 [200] /post/science-olympiad-robot-tour 59ms
15:52:39 [200] /post/science-olympiad-robot-tour 7ms
15:53:21 [watch] src/content/blog/Science Olympiad Robot Tour.md
15:53:22 [200] /post/science-olympiad-robot-tour 47ms
16:03:59 Configuration file updated. Restarting...
16:03:59 [vite] Re-optimizing dependencies because lockfile has changed
16:04:13 Configuration file updated. Restarting...
4:04:14 PM [vite] Pre-transform error: Failed to load url mdx-mermaid (resolved id: mdx-mermaid) in /home/derock/Documents/Code/derock.blog/astro.config.mjs. Does the file exist?
4:04:14 PM [vite] Pre-transform error: Failed to load url mdx-mermaid/lib/Mermaid (resolved id: mdx-mermaid/lib/Mermaid) in /home/derock/Documents/Code/derock.blog/astro.config.mjs. Does the file exist?
4:04:14 PM [vite] Error when evaluating SSR module /home/derock/Documents/Code/derock.blog/astro.config.mjs: failed to import "mdx-mermaid"
|- Error: Cannot find module 'mdx-mermaid' imported from '/home/derock/Documents/Code/derock.blog/astro.config.mjs'
    at nodeImport (file:///home/derock/Documents/Code/derock.blog/node_modules/.pnpm/vite@5.1.5/node_modules/vite/dist/node/chunks/dep-G-px366b.js:54789:25)
    at ssrImport (file:///home/derock/Documents/Code/derock.blog/node_modules/.pnpm/vite@5.1.5/node_modules/vite/dist/node/chunks/dep-G-px366b.js:54696:30)
    at eval (/home/derock/Documents/Code/derock.blog/astro.config.mjs:9:37)
    at async instantiateModule (file:///home/derock/Documents/Code/derock.blog/node_modules/.pnpm/vite@5.1.5/node_modules/vite/dist/node/chunks/dep-G-px366b.js:54758:9)

[astro] Unable to load your Astro config

16:04:14 [ERROR] [config] Cannot find module 'mdx-mermaid' imported from '/home/derock/Documents/Code/derock.blog/astro.config.mjs'
  Stack trace:
    at /home/derock/Documents/Code/derock.blog/node_modules/.pnpm/vite@5.1.5/node_modules/vite/dist/node/chunks/dep-G-px366b.js:54789:25
    [...] See full stack trace in the browser, or rerun with --verbose.

16:04:14 [ERROR] Continuing with previous valid configuration

16:09:04 Configuration file updated. Restarting...
4:09:04 PM [vite] Pre-transform error: Failed to load url mdx-mermaid (resolved id: mdx-mermaid) in /home/derock/Documents/Code/derock.blog/astro.config.mjs. Does the file exist?
4:09:04 PM [vite] Pre-transform error: Failed to load url mdx-mermaid/lib/Mermaid (resolved id: mdx-mermaid/lib/Mermaid) in /home/derock/Documents/Code/derock.blog/astro.config.mjs. Does the file exist?
4:09:04 PM [vite] Error when evaluating SSR module /home/derock/Documents/Code/derock.blog/astro.config.mjs: failed to import "mdx-mermaid"
|- Error: Cannot find module 'mdx-mermaid' imported from '/home/derock/Documents/Code/derock.blog/astro.config.mjs'
    at nodeImport (file:///home/derock/Documents/Code/derock.blog/node_modules/.pnpm/vite@5.1.5/node_modules/vite/dist/node/chunks/dep-G-px366b.js:54789:25)
    at ssrImport (file:///home/derock/Documents/Code/derock.blog/node_modules/.pnpm/vite@5.1.5/node_modules/vite/dist/node/chunks/dep-G-px366b.js:54696:30)
    at eval (/home/derock/Documents/Code/derock.blog/astro.config.mjs:9:37)
    at async instantiateModule (file:///home/derock/Documents/Code/derock.blog/node_modules/.pnpm/vite@5.1.5/node_modules/vite/dist/node/chunks/dep-G-px366b.js:54758:9)

[astro] Unable to load your Astro config

16:09:05 [ERROR] [config] Cannot find module 'mdx-mermaid' imported from '/home/derock/Documents/Code/derock.blog/astro.config.mjs'
  Stack trace:
    at /home/derock/Documents/Code/derock.blog/node_modules/.pnpm/vite@5.1.5/node_modules/vite/dist/node/chunks/dep-G-px366b.js:54789:25
    [...] See full stack trace in the browser, or rerun with --verbose.

16:09:05 [ERROR] Continuing with previous valid configuration

16:09:20 Configuration file updated. Restarting...
16:09:28 [astro-icon] Loaded icons from fa6-brands, mdi
16:09:30 [200] /post/science-olympiad-robot-tour 321ms
16:09:30 [200] /post/science-olympiad-robot-tour 321ms
16:09:46 Configuration file updated. Restarting...
16:10:23 [watch] src/content/blog/Science Olympiad Robot Tour.md
16:10:25 [astro-icon] Loaded icons from fa6-brands, mdi
16:10:27 [200] /post/science-olympiad-robot-tour 346ms
16:10:27 [200] /post/science-olympiad-robot-tour 347ms
16:12:05 Configuration file updated. Restarting...
16:12:07 Configuration file updated. Restarting...
16:12:18 Configuration file updated. Restarting...
16:12:25 [astro-icon] Loaded icons from fa6-brands, mdi
TypeError: Failed to parse Markdown file "/home/derock/Documents/Code/derock.blog/src/content/blog/Science Olympiad Robot Tour.md":
__vite_ssr_import_1__.default is not a function
    at eval (/home/derock/Documents/Code/derock.blog/src/plugins/mermaid.ts:20:47)
    at overload (file:///home/derock/Documents/Code/derock.blog/node_modules/.pnpm/unist-util-visit@5.0.0/node_modules/unist-util-visit/lib/index.js:311:12)
    at node ([33mcode[39m) (file:///home/derock/Documents/Code/derock.blog/node_modules/.pnpm/unist-util-visit-parents@6.0.1/node_modules/unist-util-visit-parents/lib/index.js:346:27)
    at node ([33mroot[39m) (file:///home/derock/Documents/Code/derock.blog/node_modules/.pnpm/unist-util-visit-parents@6.0.1/node_modules/unist-util-visit-parents/lib/index.js:363:61)
    at visitParents (file:///home/derock/Documents/Code/derock.blog/node_modules/.pnpm/unist-util-visit-parents@6.0.1/node_modules/unist-util-visit-parents/lib/index.js:304:31)
    at Module.visit (file:///home/derock/Documents/Code/derock.blog/node_modules/.pnpm/unist-util-visit@5.0.0/node_modules/unist-util-visit/lib/index.js:302:3)
    at eval (/home/derock/Documents/Code/derock.blog/src/plugins/mermaid.ts:16:25)
    at wrapped (file:///home/derock/Documents/Code/derock.blog/node_modules/.pnpm/trough@2.2.0/node_modules/trough/lib/index.js:160:27)
    at next (file:///home/derock/Documents/Code/derock.blog/node_modules/.pnpm/trough@2.2.0/node_modules/trough/lib/index.js:86:23)
    at done (file:///home/derock/Documents/Code/derock.blog/node_modules/.pnpm/trough@2.2.0/node_modules/trough/lib/index.js:194:7)
16:12:26 [ERROR] Failed to parse Markdown file "/home/derock/Documents/Code/derock.blog/src/content/blog/Science Olympiad Robot Tour.md":
__vite_ssr_import_1__.default is not a function
  Stack trace:
    at eval (/home/derock/Documents/Code/derock.blog/src/plugins/mermaid.ts:20:47)
    [...] See full stack trace in the browser, or rerun with --verbose.
16:12:26 [ERROR] Failed to parse Markdown file "/home/derock/Documents/Code/derock.blog/src/content/blog/Science Olympiad Robot Tour.md":
__vite_ssr_import_1__.default is not a function
  Stack trace:
    at eval (/home/derock/Documents/Code/derock.blog/src/plugins/mermaid.ts:20:47)
    [...] See full stack trace in the browser, or rerun with --verbose.
16:12:50 Configuration file updated. Restarting...
4:12:50 PM [vite] Pre-transform error: Failed to load url ts-dedent (resolved id: ts-dedent) in /home/derock/Documents/Code/derock.blog/src/plugins/mermaid.ts. Does the file exist?
4:12:50 PM [vite] Error when evaluating SSR module /src/plugins/mermaid.ts: failed to import "ts-dedent"
|- Error: Cannot find module 'ts-dedent' imported from '/home/derock/Documents/Code/derock.blog/src/plugins/mermaid.ts'
    at nodeImport (file:///home/derock/Documents/Code/derock.blog/node_modules/.pnpm/vite@5.1.5/node_modules/vite/dist/node/chunks/dep-G-px366b.js:54789:25)
    at ssrImport (file:///home/derock/Documents/Code/derock.blog/node_modules/.pnpm/vite@5.1.5/node_modules/vite/dist/node/chunks/dep-G-px366b.js:54696:30)
    at eval (/home/derock/Documents/Code/derock.blog/src/plugins/mermaid.ts:4:37)
    at async instantiateModule (file:///home/derock/Documents/Code/derock.blog/node_modules/.pnpm/vite@5.1.5/node_modules/vite/dist/node/chunks/dep-G-px366b.js:54758:9)

4:12:50 PM [vite] Error when evaluating SSR module /home/derock/Documents/Code/derock.blog/astro.config.mjs: failed to import "/src/plugins/mermaid.ts"
|- Error: Cannot find module 'ts-dedent' imported from '/home/derock/Documents/Code/derock.blog/src/plugins/mermaid.ts'
    at nodeImport (file:///home/derock/Documents/Code/derock.blog/node_modules/.pnpm/vite@5.1.5/node_modules/vite/dist/node/chunks/dep-G-px366b.js:54789:25)
    at ssrImport (file:///home/derock/Documents/Code/derock.blog/node_modules/.pnpm/vite@5.1.5/node_modules/vite/dist/node/chunks/dep-G-px366b.js:54696:30)
    at eval (/home/derock/Documents/Code/derock.blog/src/plugins/mermaid.ts:4:37)
    at async instantiateModule (file:///home/derock/Documents/Code/derock.blog/node_modules/.pnpm/vite@5.1.5/node_modules/vite/dist/node/chunks/dep-G-px366b.js:54758:9)

[astro] Unable to load your Astro config

16:12:50 [ERROR] [config] Cannot find module 'ts-dedent' imported from '/home/derock/Documents/Code/derock.blog/src/plugins/mermaid.ts'
  Stack trace:
    at nodeImport (file:///home/derock/Documents/Code/derock.blog/node_modules/.pnpm/vite@5.1.5/node_modules/vite/dist/node/chunks/dep-G-px366b.js:54789:25)
    at eval (/home/derock/Documents/Code/derock.blog/src/plugins/mermaid.ts:4:37)

16:12:50 [ERROR] Continuing with previous valid configuration

TypeError: Failed to parse Markdown file "/home/derock/Documents/Code/derock.blog/src/content/blog/Science Olympiad Robot Tour.md":
__vite_ssr_import_1__.default is not a function
    at eval (/home/derock/Documents/Code/derock.blog/src/plugins/mermaid.ts:20:47)
    at overload (file:///home/derock/Documents/Code/derock.blog/node_modules/.pnpm/unist-util-visit@5.0.0/node_modules/unist-util-visit/lib/index.js:311:12)
    at node ([33mcode[39m) (file:///home/derock/Documents/Code/derock.blog/node_modules/.pnpm/unist-util-visit-parents@6.0.1/node_modules/unist-util-visit-parents/lib/index.js:346:27)
    at node ([33mroot[39m) (file:///home/derock/Documents/Code/derock.blog/node_modules/.pnpm/unist-util-visit-parents@6.0.1/node_modules/unist-util-visit-parents/lib/index.js:363:61)
    at visitParents (file:///home/derock/Documents/Code/derock.blog/node_modules/.pnpm/unist-util-visit-parents@6.0.1/node_modules/unist-util-visit-parents/lib/index.js:304:31)
    at Module.visit (file:///home/derock/Documents/Code/derock.blog/node_modules/.pnpm/unist-util-visit@5.0.0/node_modules/unist-util-visit/lib/index.js:302:3)
    at eval (/home/derock/Documents/Code/derock.blog/src/plugins/mermaid.ts:16:25)
    at wrapped (file:///home/derock/Documents/Code/derock.blog/node_modules/.pnpm/trough@2.2.0/node_modules/trough/lib/index.js:160:27)
    at next (file:///home/derock/Documents/Code/derock.blog/node_modules/.pnpm/trough@2.2.0/node_modules/trough/lib/index.js:86:23)
    at done (file:///home/derock/Documents/Code/derock.blog/node_modules/.pnpm/trough@2.2.0/node_modules/trough/lib/index.js:194:7)
16:12:51 [ERROR] Failed to parse Markdown file "/home/derock/Documents/Code/derock.blog/src/content/blog/Science Olympiad Robot Tour.md":
__vite_ssr_import_1__.default is not a function
  Stack trace:
    at eval (/home/derock/Documents/Code/derock.blog/src/plugins/mermaid.ts:20:47)
    [...] See full stack trace in the browser, or rerun with --verbose.
TypeError: Failed to parse Markdown file "/home/derock/Documents/Code/derock.blog/src/content/blog/Science Olympiad Robot Tour.md":
__vite_ssr_import_1__.default is not a function
    at eval (/home/derock/Documents/Code/derock.blog/src/plugins/mermaid.ts:20:47)
    at overload (file:///home/derock/Documents/Code/derock.blog/node_modules/.pnpm/unist-util-visit@5.0.0/node_modules/unist-util-visit/lib/index.js:311:12)
    at node ([33mcode[39m) (file:///home/derock/Documents/Code/derock.blog/node_modules/.pnpm/unist-util-visit-parents@6.0.1/node_modules/unist-util-visit-parents/lib/index.js:346:27)
    at node ([33mroot[39m) (file:///home/derock/Documents/Code/derock.blog/node_modules/.pnpm/unist-util-visit-parents@6.0.1/node_modules/unist-util-visit-parents/lib/index.js:363:61)
    at visitParents (file:///home/derock/Documents/Code/derock.blog/node_modules/.pnpm/unist-util-visit-parents@6.0.1/node_modules/unist-util-visit-parents/lib/index.js:304:31)
    at Module.visit (file:///home/derock/Documents/Code/derock.blog/node_modules/.pnpm/unist-util-visit@5.0.0/node_modules/unist-util-visit/lib/index.js:302:3)
    at eval (/home/derock/Documents/Code/derock.blog/src/plugins/mermaid.ts:16:25)
    at wrapped (file:///home/derock/Documents/Code/derock.blog/node_modules/.pnpm/trough@2.2.0/node_modules/trough/lib/index.js:160:27)
    at next (file:///home/derock/Documents/Code/derock.blog/node_modules/.pnpm/trough@2.2.0/node_modules/trough/lib/index.js:86:23)
    at done (file:///home/derock/Documents/Code/derock.blog/node_modules/.pnpm/trough@2.2.0/node_modules/trough/lib/index.js:194:7)
16:13:00 [ERROR] Failed to parse Markdown file "/home/derock/Documents/Code/derock.blog/src/content/blog/Science Olympiad Robot Tour.md":
__vite_ssr_import_1__.default is not a function
  Stack trace:
    at eval (/home/derock/Documents/Code/derock.blog/src/plugins/mermaid.ts:20:47)
    [...] See full stack trace in the browser, or rerun with --verbose.
TypeError: Failed to parse Markdown file "/home/derock/Documents/Code/derock.blog/src/content/blog/Science Olympiad Robot Tour.md":
__vite_ssr_import_1__.default is not a function
    at eval (/home/derock/Documents/Code/derock.blog/src/plugins/mermaid.ts:20:47)
    at overload (file:///home/derock/Documents/Code/derock.blog/node_modules/.pnpm/unist-util-visit@5.0.0/node_modules/unist-util-visit/lib/index.js:311:12)
    at node ([33mcode[39m) (file:///home/derock/Documents/Code/derock.blog/node_modules/.pnpm/unist-util-visit-parents@6.0.1/node_modules/unist-util-visit-parents/lib/index.js:346:27)
    at node ([33mroot[39m) (file:///home/derock/Documents/Code/derock.blog/node_modules/.pnpm/unist-util-visit-parents@6.0.1/node_modules/unist-util-visit-parents/lib/index.js:363:61)
    at visitParents (file:///home/derock/Documents/Code/derock.blog/node_modules/.pnpm/unist-util-visit-parents@6.0.1/node_modules/unist-util-visit-parents/lib/index.js:304:31)
    at Module.visit (file:///home/derock/Documents/Code/derock.blog/node_modules/.pnpm/unist-util-visit@5.0.0/node_modules/unist-util-visit/lib/index.js:302:3)
    at eval (/home/derock/Documents/Code/derock.blog/src/plugins/mermaid.ts:16:25)
    at wrapped (file:///home/derock/Documents/Code/derock.blog/node_modules/.pnpm/trough@2.2.0/node_modules/trough/lib/index.js:160:27)
    at next (file:///home/derock/Documents/Code/derock.blog/node_modules/.pnpm/trough@2.2.0/node_modules/trough/lib/index.js:86:23)
    at done (file:///home/derock/Documents/Code/derock.blog/node_modules/.pnpm/trough@2.2.0/node_modules/trough/lib/index.js:194:7)
16:13:06 [ERROR] Failed to parse Markdown file "/home/derock/Documents/Code/derock.blog/src/content/blog/Science Olympiad Robot Tour.md":
__vite_ssr_import_1__.default is not a function
  Stack trace:
    at eval (/home/derock/Documents/Code/derock.blog/src/plugins/mermaid.ts:20:47)
    [...] See full stack trace in the browser, or rerun with --verbose.
16:14:02 Configuration file updated. Restarting...
4:14:02 PM [vite] Pre-transform error: Failed to load url ts-dedent (resolved id: ts-dedent) in /home/derock/Documents/Code/derock.blog/src/plugins/mermaid.ts. Does the file exist?
4:14:02 PM [vite] Error when evaluating SSR module /src/plugins/mermaid.ts: failed to import "ts-dedent"
|- Error: Cannot find module 'ts-dedent' imported from '/home/derock/Documents/Code/derock.blog/src/plugins/mermaid.ts'
    at nodeImport (file:///home/derock/Documents/Code/derock.blog/node_modules/.pnpm/vite@5.1.5/node_modules/vite/dist/node/chunks/dep-G-px366b.js:54789:25)
    at ssrImport (file:///home/derock/Documents/Code/derock.blog/node_modules/.pnpm/vite@5.1.5/node_modules/vite/dist/node/chunks/dep-G-px366b.js:54696:30)
    at eval (/home/derock/Documents/Code/derock.blog/src/plugins/mermaid.ts:4:37)
    at async instantiateModule (file:///home/derock/Documents/Code/derock.blog/node_modules/.pnpm/vite@5.1.5/node_modules/vite/dist/node/chunks/dep-G-px366b.js:54758:9)

4:14:02 PM [vite] Error when evaluating SSR module /home/derock/Documents/Code/derock.blog/astro.config.mjs: failed to import "/src/plugins/mermaid.ts"
|- Error: Cannot find module 'ts-dedent' imported from '/home/derock/Documents/Code/derock.blog/src/plugins/mermaid.ts'
    at nodeImport (file:///home/derock/Documents/Code/derock.blog/node_modules/.pnpm/vite@5.1.5/node_modules/vite/dist/node/chunks/dep-G-px366b.js:54789:25)
    at ssrImport (file:///home/derock/Documents/Code/derock.blog/node_modules/.pnpm/vite@5.1.5/node_modules/vite/dist/node/chunks/dep-G-px366b.js:54696:30)
    at eval (/home/derock/Documents/Code/derock.blog/src/plugins/mermaid.ts:4:37)
    at async instantiateModule (file:///home/derock/Documents/Code/derock.blog/node_modules/.pnpm/vite@5.1.5/node_modules/vite/dist/node/chunks/dep-G-px366b.js:54758:9)

[astro] Unable to load your Astro config

16:14:02 [ERROR] [config] Cannot find module 'ts-dedent' imported from '/home/derock/Documents/Code/derock.blog/src/plugins/mermaid.ts'
  Stack trace:
    at nodeImport (file:///home/derock/Documents/Code/derock.blog/node_modules/.pnpm/vite@5.1.5/node_modules/vite/dist/node/chunks/dep-G-px366b.js:54789:25)
    at eval (/home/derock/Documents/Code/derock.blog/src/plugins/mermaid.ts:4:37)

16:14:02 [ERROR] Continuing with previous valid configuration

TypeError: Failed to parse Markdown file "/home/derock/Documents/Code/derock.blog/src/content/blog/Science Olympiad Robot Tour.md":
__vite_ssr_import_1__.default is not a function
    at eval (/home/derock/Documents/Code/derock.blog/src/plugins/mermaid.ts:20:47)
    at overload (file:///home/derock/Documents/Code/derock.blog/node_modules/.pnpm/unist-util-visit@5.0.0/node_modules/unist-util-visit/lib/index.js:311:12)
    at node ([33mcode[39m) (file:///home/derock/Documents/Code/derock.blog/node_modules/.pnpm/unist-util-visit-parents@6.0.1/node_modules/unist-util-visit-parents/lib/index.js:346:27)
    at node ([33mroot[39m) (file:///home/derock/Documents/Code/derock.blog/node_modules/.pnpm/unist-util-visit-parents@6.0.1/node_modules/unist-util-visit-parents/lib/index.js:363:61)
    at visitParents (file:///home/derock/Documents/Code/derock.blog/node_modules/.pnpm/unist-util-visit-parents@6.0.1/node_modules/unist-util-visit-parents/lib/index.js:304:31)
    at Module.visit (file:///home/derock/Documents/Code/derock.blog/node_modules/.pnpm/unist-util-visit@5.0.0/node_modules/unist-util-visit/lib/index.js:302:3)
    at eval (/home/derock/Documents/Code/derock.blog/src/plugins/mermaid.ts:16:25)
    at wrapped (file:///home/derock/Documents/Code/derock.blog/node_modules/.pnpm/trough@2.2.0/node_modules/trough/lib/index.js:160:27)
    at next (file:///home/derock/Documents/Code/derock.blog/node_modules/.pnpm/trough@2.2.0/node_modules/trough/lib/index.js:86:23)
    at done (file:///home/derock/Documents/Code/derock.blog/node_modules/.pnpm/trough@2.2.0/node_modules/trough/lib/index.js:194:7)
16:14:03 [ERROR] Failed to parse Markdown file "/home/derock/Documents/Code/derock.blog/src/content/blog/Science Olympiad Robot Tour.md":
__vite_ssr_import_1__.default is not a function
  Stack trace:
    at eval (/home/derock/Documents/Code/derock.blog/src/plugins/mermaid.ts:20:47)
    [...] See full stack trace in the browser, or rerun with --verbose.
16:14:21 Configuration file updated. Restarting...
16:14:21 [vite] Re-optimizing dependencies because lockfile has changed
16:14:21 [ERROR] [vite] Error: The following dependencies are imported but could not be resolved:

  ts-dedent (imported by /home/derock/Documents/Code/derock.blog/src/plugins/mermaid.ts)

Are they installed?
    at file:///home/derock/Documents/Code/derock.blog/node_modules/.pnpm/vite@5.1.5/node_modules/vite/dist/node/chunks/dep-G-px366b.js:52303:23
    at process.processTicksAndRejections (node:internal/process/task_queues:95:5)
    at async file:///home/derock/Documents/Code/derock.blog/node_modules/.pnpm/vite@5.1.5/node_modules/vite/dist/node/chunks/dep-G-px366b.js:51715:38
16:14:22 [astro-icon] Loaded icons from fa6-brands, mdi
Error: Failed to parse Markdown file "/home/derock/Documents/Code/derock.blog/src/content/blog/Science Olympiad Robot Tour.md":
Failed to launch the browser process!
Could not start dynamically linked executable: /home/derock/Documents/Code/derock.blog/node_modules/.pnpm/puppeteer-core@18.2.1/node_modules/puppeteer-core/.local-chromium/linux-1045629/chrome-linux/chrome
NixOS cannot run dynamically linked executables intended for generic
linux environments out of the box. For more information, see:
https://nix.dev/permalink/stub-ld


TROUBLESHOOTING: https://github.com/puppeteer/puppeteer/blob/main/docs/troubleshooting.md

    at onClose (file:///home/derock/Documents/Code/derock.blog/node_modules/.pnpm/puppeteer-core@18.2.1/node_modules/puppeteer-core/lib/esm/puppeteer/node/BrowserRunner.js:269:20)
    at Interface.<anonymous> (file:///home/derock/Documents/Code/derock.blog/node_modules/.pnpm/puppeteer-core@18.2.1/node_modules/puppeteer-core/lib/esm/puppeteer/node/BrowserRunner.js:257:24)
    at Interface.emit (node:events:530:35)
    at Interface.close (node:internal/readline/interface:527:10)
    at Socket.onend (node:internal/readline/interface:253:10)
    at Socket.emit (node:events:530:35)
    at endReadableNT (node:internal/streams/readable:1696:12)
    at process.processTicksAndRejections (node:internal/process/task_queues:82:21)
16:14:23 [ERROR] Failed to parse Markdown file "/home/derock/Documents/Code/derock.blog/src/content/blog/Science Olympiad Robot Tour.md":
Failed to launch the browser process!
Could not start dynamically linked executable: /home/derock/Documents/Code/derock.blog/node_modules/.pnpm/puppeteer-core@18.2.1/node_modules/puppeteer-core/.local-chromium/linux-1045629/chrome-linux/chrome
NixOS cannot run dynamically linked executables intended for generic
linux environments out of the box. For more information, see:
https://nix.dev/permalink/stub-ld


TROUBLESHOOTING: https://github.com/puppeteer/puppeteer/blob/main/docs/troubleshooting.md

  Stack trace:
    at /home/derock/Documents/Code/derock.blog/src/content/blog/Science Olympiad Robot Tour.md?astroPropagatedAssets
    [...] See full stack trace in the browser, or rerun with --verbose.
16:14:43 Configuration file updated. Restarting...
16:14:44 [vite] Re-optimizing dependencies because lockfile has changed
16:14:44 [ERROR] [vite] Error: The following dependencies are imported but could not be resolved:

  ts-dedent (imported by /home/derock/Documents/Code/derock.blog/src/plugins/mermaid.ts)

Are they installed?
    at file:///home/derock/Documents/Code/derock.blog/node_modules/.pnpm/vite@5.1.5/node_modules/vite/dist/node/chunks/dep-G-px366b.js:52303:23
    at process.processTicksAndRejections (node:internal/process/task_queues:95:5)
    at async file:///home/derock/Documents/Code/derock.blog/node_modules/.pnpm/vite@5.1.5/node_modules/vite/dist/node/chunks/dep-G-px366b.js:51715:38
16:14:44 [astro-icon] Loaded icons from fa6-brands, mdi
Error: Failed to parse Markdown file "/home/derock/Documents/Code/derock.blog/src/content/blog/Science Olympiad Robot Tour.md":
Failed to launch the browser process!
Could not start dynamically linked executable: /home/derock/Documents/Code/derock.blog/node_modules/.pnpm/puppeteer-core@18.2.1/node_modules/puppeteer-core/.local-chromium/linux-1045629/chrome-linux/chrome
NixOS cannot run dynamically linked executables intended for generic
linux environments out of the box. For more information, see:
https://nix.dev/permalink/stub-ld


TROUBLESHOOTING: https://github.com/puppeteer/puppeteer/blob/main/docs/troubleshooting.md

    at onClose (file:///home/derock/Documents/Code/derock.blog/node_modules/.pnpm/puppeteer-core@18.2.1/node_modules/puppeteer-core/lib/esm/puppeteer/node/BrowserRunner.js:269:20)
    at Interface.<anonymous> (file:///home/derock/Documents/Code/derock.blog/node_modules/.pnpm/puppeteer-core@18.2.1/node_modules/puppeteer-core/lib/esm/puppeteer/node/BrowserRunner.js:257:24)
    at Interface.emit (node:events:530:35)
    at Interface.close (node:internal/readline/interface:527:10)
    at Socket.onend (node:internal/readline/interface:253:10)
    at Socket.emit (node:events:530:35)
    at endReadableNT (node:internal/streams/readable:1696:12)
    at process.processTicksAndRejections (node:internal/process/task_queues:82:21)
16:14:46 [ERROR] Failed to parse Markdown file "/home/derock/Documents/Code/derock.blog/src/content/blog/Science Olympiad Robot Tour.md":
Failed to launch the browser process!
Could not start dynamically linked executable: /home/derock/Documents/Code/derock.blog/node_modules/.pnpm/puppeteer-core@18.2.1/node_modules/puppeteer-core/.local-chromium/linux-1045629/chrome-linux/chrome
NixOS cannot run dynamically linked executables intended for generic
linux environments out of the box. For more information, see:
https://nix.dev/permalink/stub-ld


TROUBLESHOOTING: https://github.com/puppeteer/puppeteer/blob/main/docs/troubleshooting.md

  Stack trace:
    at /home/derock/Documents/Code/derock.blog/src/content/blog/Science Olympiad Robot Tour.md?astroPropagatedAssets
    [...] See full stack trace in the browser, or rerun with --verbose.
Error: Failed to parse Markdown file "/home/derock/Documents/Code/derock.blog/src/content/blog/Science Olympiad Robot Tour.md":
Failed to launch the browser process!
Could not start dynamically linked executable: /home/derock/Documents/Code/derock.blog/node_modules/.pnpm/puppeteer-core@18.2.1/node_modules/puppeteer-core/.local-chromium/linux-1045629/chrome-linux/chrome
NixOS cannot run dynamically linked executables intended for generic
linux environments out of the box. For more information, see:
https://nix.dev/permalink/stub-ld


TROUBLESHOOTING: https://github.com/puppeteer/puppeteer/blob/main/docs/troubleshooting.md

    at onClose (file:///home/derock/Documents/Code/derock.blog/node_modules/.pnpm/puppeteer-core@18.2.1/node_modules/puppeteer-core/lib/esm/puppeteer/node/BrowserRunner.js:269:20)
    at Interface.<anonymous> (file:///home/derock/Documents/Code/derock.blog/node_modules/.pnpm/puppeteer-core@18.2.1/node_modules/puppeteer-core/lib/esm/puppeteer/node/BrowserRunner.js:257:24)
    at Interface.emit (node:events:530:35)
    at Interface.close (node:internal/readline/interface:527:10)
    at Socket.onend (node:internal/readline/interface:253:10)
    at Socket.emit (node:events:530:35)
    at endReadableNT (node:internal/streams/readable:1696:12)
    at process.processTicksAndRejections (node:internal/process/task_queues:82:21)
16:14:50 [ERROR] Failed to parse Markdown file "/home/derock/Documents/Code/derock.blog/src/content/blog/Science Olympiad Robot Tour.md":
Failed to launch the browser process!
Could not start dynamically linked executable: /home/derock/Documents/Code/derock.blog/node_modules/.pnpm/puppeteer-core@18.2.1/node_modules/puppeteer-core/.local-chromium/linux-1045629/chrome-linux/chrome
NixOS cannot run dynamically linked executables intended for generic
linux environments out of the box. For more information, see:
https://nix.dev/permalink/stub-ld


TROUBLESHOOTING: https://github.com/puppeteer/puppeteer/blob/main/docs/troubleshooting.md

  Stack trace:
    at /home/derock/Documents/Code/derock.blog/src/content/blog/Science Olympiad Robot Tour.md?astroPropagatedAssets
    [...] See full stack trace in the browser, or rerun with --verbose.

> derock-blog-v2@0.0.1 dev /home/derock/Documents/Code/derock.blog
> astro dev "astro.config.mjs" "flake.lock" "flake.nix" "node_modules" "nohup.out" "package.json" "pnpm-lock.yaml" "postcss.config.cjs" "public" "README.md" "src" "tailwind.config.mjs" "tsconfig.json"


> derock-blog-v2@0.0.1 dev /home/derock/Documents/Code/derock.blog
> astro dev

5:33:38 PM [vite] Pre-transform error: Failed to load url astro-diagram/remark-mermaid (resolved id: astro-diagram/remark-mermaid) in /home/derock/Documents/Code/derock.blog/astro.config.mjs. Does the file exist?
5:33:38 PM [vite] Pre-transform error: Failed to load url rehype-katex (resolved id: rehype-katex) in /home/derock/Documents/Code/derock.blog/astro.config.mjs. Does the file exist?
5:33:38 PM [vite] Pre-transform error: Failed to load url remark-math (resolved id: remark-math) in /home/derock/Documents/Code/derock.blog/astro.config.mjs. Does the file exist?
5:33:39 PM [vite] Error when evaluating SSR module /home/derock/Documents/Code/derock.blog/astro.config.mjs: failed to import "astro-diagram/remark-mermaid"
|- Error: Cannot find module 'astro-diagram/remark-mermaid' imported from '/home/derock/Documents/Code/derock.blog/astro.config.mjs'
    at nodeImport (file:///home/derock/Documents/Code/derock.blog/node_modules/vite/dist/node/chunks/dep-DkOS1hkm.js:55067:25)
    at ssrImport (file:///home/derock/Documents/Code/derock.blog/node_modules/vite/dist/node/chunks/dep-DkOS1hkm.js:54976:30)
    at eval (/home/derock/Documents/Code/derock.blog/astro.config.mjs:9:37)
    at async instantiateModule (file:///home/derock/Documents/Code/derock.blog/node_modules/vite/dist/node/chunks/dep-DkOS1hkm.js:55036:9)

[astro] Unable to load your Astro config

Cannot find module 'astro-diagram/remark-mermaid' imported from '/home/derock/Documents/Code/derock.blog/astro.config.mjs'
  Stack trace:
    at nodeImport (file:///home/derock/Documents/Code/derock.blog/node_modules/vite/dist/node/chunks/dep-DkOS1hkm.js:55067:25)
    at eval (/home/derock/Documents/Code/derock.blog/astro.config.mjs:9:37)
 ELIFECYCLE  Command failed with exit code 1.

> derock-blog-v2@0.0.1 dev /home/derock/Documents/Code/derock.blog
> astro dev

17:35:45 [vite] Re-optimizing dependencies because lockfile has changed

 astro  v4.4.11 ready in 506 ms

┃ Local    http://localhost:4321/
┃ Network  use --host to expose

17:35:46 watching for file changes...
17:36:11 [astro-icon] Loaded icons from fa6-brands, mdi
17:36:12 [200] / 17ms
17:36:16 [200] /post/science-olympiad-robot-tour 532ms
17:36:25 [200] /_image 66ms
17:36:26 [200] /_image 86ms
17:36:55 [watch] src/content/blog/Science Olympiad Robot Tour.mdx
17:36:56 [200] /post/science-olympiad-robot-tour 217ms
17:36:58 [watch] src/content/blog/Science Olympiad Robot Tour.mdx
17:36:58 [200] /post/science-olympiad-robot-tour 134ms
17:37:13 [watch] src/content/blog/Science Olympiad Robot Tour.mdx
17:37:13 [200] /post/science-olympiad-robot-tour 197ms
17:37:15 [watch] src/content/blog/Science Olympiad Robot Tour.mdx
17:37:15 [200] /post/science-olympiad-robot-tour 131ms
17:37:20 [watch] src/content/blog/Science Olympiad Robot Tour.mdx
17:37:20 [200] /post/science-olympiad-robot-tour 111ms
17:37:30 [watch] src/content/blog/Science Olympiad Robot Tour.mdx
17:37:30 [200] /post/science-olympiad-robot-tour 215ms
17:37:32 [watch] src/content/blog/Science Olympiad Robot Tour.mdx
17:37:32 [200] /post/science-olympiad-robot-tour 132ms
17:37:37 [watch] src/content/blog/Science Olympiad Robot Tour.mdx
LaTeX-incompatible input and strict mode is set to 'warn': In LaTeX, \\ or \newline does nothing in display mode [newLineInDisplayMode]
17:37:37 [200] /post/science-olympiad-robot-tour 103ms
17:37:43 [watch] src/content/blog/Science Olympiad Robot Tour.mdx
17:37:43 [200] /post/science-olympiad-robot-tour 108ms
17:39:13 [watch] src/content/blog/Science Olympiad Robot Tour.mdx
17:39:14 [200] /post/science-olympiad-robot-tour 213ms
17:39:17 [watch] src/content/blog/Science Olympiad Robot Tour.mdx
17:39:17 [200] /post/science-olympiad-robot-tour 130ms
17:39:19 [watch] src/content/blog/Science Olympiad Robot Tour.mdx
17:39:19 [200] /post/science-olympiad-robot-tour 116ms
17:39:33 [watch] src/content/blog/Science Olympiad Robot Tour.mdx
17:39:33 [200] /post/science-olympiad-robot-tour 201ms
17:39:35 [watch] src/content/blog/Science Olympiad Robot Tour.mdx
17:39:35 [200] /post/science-olympiad-robot-tour 130ms
17:39:38 [watch] src/content/blog/Science Olympiad Robot Tour.mdx
17:39:38 [200] /post/science-olympiad-robot-tour 115ms
17:39:45 [watch] src/content/blog/Science Olympiad Robot Tour.mdx
17:39:45 [200] /post/science-olympiad-robot-tour 106ms
17:40:50 [watch] src/content/blog/Science Olympiad Robot Tour.mdx
17:40:50 [200] /post/science-olympiad-robot-tour 119ms
17:41:05 [watch] src/content/blog/Science Olympiad Robot Tour.mdx
17:41:06 [200] /post/science-olympiad-robot-tour 197ms
17:42:39 [watch] src/content/blog/Science Olympiad Robot Tour.mdx
17:42:39 [200] /post/science-olympiad-robot-tour 181ms
17:42:46 [watch] src/content/blog/Science Olympiad Robot Tour.mdx
17:42:47 [200] /post/science-olympiad-robot-tour 125ms
17:43:01 [watch] src/content/blog/Science Olympiad Robot Tour.mdx
17:43:02 [200] /post/science-olympiad-robot-tour 205ms
17:43:06 [watch] src/content/blog/Science Olympiad Robot Tour.mdx
17:43:06 [200] /post/science-olympiad-robot-tour 134ms
17:43:24 [watch] src/content/blog/Science Olympiad Robot Tour.mdx
17:43:24 [200] /post/science-olympiad-robot-tour 203ms
17:44:15 [watch] src/content/blog/Science Olympiad Robot Tour.mdx
17:44:15 [200] /post/science-olympiad-robot-tour 207ms
17:44:39 [200] / 5ms
17:44:42 [200] /post/vex-robotics/introduction 165ms
17:44:55 [watch] src/content/blog/Science Olympiad Robot Tour.mdx
17:44:55 [200] /post/vex-robotics/introduction 1ms
17:44:56 [200] /post/science-olympiad-robot-tour 175ms
17:44:59 [200] / 2ms
17:45:04 [200] /post/science-olympiad-robot-tour 4ms
17:45:19 [watch] src/content/blog/Science Olympiad Robot Tour.mdx
17:45:19 [200] /post/science-olympiad-robot-tour 154ms
17:45:19 [200] /post/science-olympiad-robot-tour 5ms
17:45:27 [watch] src/content/blog/Science Olympiad Robot Tour.mdx
17:45:27 [200] /post/science-olympiad-robot-tour 124ms
17:45:28 [200] /post/science-olympiad-robot-tour 4ms
17:53:05 [watch] src/content/blog/Science Olympiad Robot Tour.mdx
17:53:06 [200] /post/science-olympiad-robot-tour 211ms
17:53:06 [200] /post/science-olympiad-robot-tour 5ms
17:53:09 [watch] src/content/blog/Science Olympiad Robot Tour.mdx
17:53:09 [200] /post/science-olympiad-robot-tour 133ms
17:53:09 [200] /post/science-olympiad-robot-tour 3ms
17:53:11 [watch] src/content/blog/Science Olympiad Robot Tour.mdx
17:53:11 [200] /post/science-olympiad-robot-tour 126ms
17:53:11 [200] /post/science-olympiad-robot-tour 4ms
18:03:22 [watch] src/content/blog/Science Olympiad Robot Tour.mdx
18:03:23 [200] /post/science-olympiad-robot-tour 215ms
18:03:23 [200] /post/science-olympiad-robot-tour 5ms
18:03:25 [watch] src/content/blog/Science Olympiad Robot Tour.mdx
18:03:25 [200] /post/science-olympiad-robot-tour 140ms
18:03:25 [200] /post/science-olympiad-robot-tour 140ms
18:04:37 [watch] src/content/blog/Science Olympiad Robot Tour.mdx
18:04:38 [200] /post/science-olympiad-robot-tour 209ms
18:04:38 [200] /post/science-olympiad-robot-tour 209ms
18:04:48 [watch] src/content/blog/Science Olympiad Robot Tour.mdx
18:04:48 [200] /post/science-olympiad-robot-tour 212ms
18:04:48 [200] /post/science-olympiad-robot-tour 212ms
18:05:38 [watch] src/content/blog/Science Olympiad Robot Tour.mdx
18:05:39 [200] /post/science-olympiad-robot-tour 223ms
18:05:39 [200] /post/science-olympiad-robot-tour 223ms
18:05:39 [watch] src/content/blog/Science Olympiad Robot Tour.mdx
18:05:40 [200] /post/science-olympiad-robot-tour 134ms
18:17:56 [watch] src/content/blog/Science Olympiad Robot Tour.mdx
18:17:57 [200] /post/science-olympiad-robot-tour 208ms
18:17:57 [200] /post/science-olympiad-robot-tour 52ms
18:18:06 [watch] src/content/blog/Science Olympiad Robot Tour.mdx
18:18:06 [200] /post/science-olympiad-robot-tour 213ms
18:18:06 [200] /post/science-olympiad-robot-tour 213ms
18:19:37 [watch] src/content/blog/Science Olympiad Robot Tour.mdx
18:19:38 [ERROR] Failed to load url ../../images/ (resolved id: ../../images/) in /home/derock/Documents/Code/derock.blog/src/content/blog/Science Olympiad Robot Tour.mdx. Does the file exist?
  Stack trace:
    at /home/derock/Documents/Code/derock.blog/src/content/blog/Science Olympiad Robot Tour.mdx?astroPropagatedAssets
    [...] See full stack trace in the browser, or rerun with --verbose.
18:19:38 [ERROR] Failed to load url ../../images/ (resolved id: ../../images/) in /home/derock/Documents/Code/derock.blog/src/content/blog/Science Olympiad Robot Tour.mdx. Does the file exist?
  Stack trace:
    at /home/derock/Documents/Code/derock.blog/src/content/blog/Science Olympiad Robot Tour.mdx?astroPropagatedAssets
    [...] See full stack trace in the browser, or rerun with --verbose.
18:19:47 [ERROR] Failed to load url ../../images/ (resolved id: ../../images/) in /home/derock/Documents/Code/derock.blog/src/content/blog/Science Olympiad Robot Tour.mdx. Does the file exist?
  Stack trace:
    at /home/derock/Documents/Code/derock.blog/src/content/blog/Science Olympiad Robot Tour.mdx?astroPropagatedAssets
    [...] See full stack trace in the browser, or rerun with --verbose.
18:19:47 [ERROR] Failed to load url ../../images/ (resolved id: ../../images/) in /home/derock/Documents/Code/derock.blog/src/content/blog/Science Olympiad Robot Tour.mdx. Does the file exist?
  Stack trace:
    at /home/derock/Documents/Code/derock.blog/src/content/blog/Science Olympiad Robot Tour.mdx?astroPropagatedAssets
    [...] See full stack trace in the browser, or rerun with --verbose.
18:20:47 [ERROR] Failed to load url ../../images/ (resolved id: ../../images/) in /home/derock/Documents/Code/derock.blog/src/content/blog/Science Olympiad Robot Tour.mdx. Does the file exist?
  Stack trace:
    at /home/derock/Documents/Code/derock.blog/src/content/blog/Science Olympiad Robot Tour.mdx?astroPropagatedAssets
    [...] See full stack trace in the browser, or rerun with --verbose.
18:20:47 [ERROR] Failed to load url ../../images/ (resolved id: ../../images/) in /home/derock/Documents/Code/derock.blog/src/content/blog/Science Olympiad Robot Tour.mdx. Does the file exist?
  Stack trace:
    at /home/derock/Documents/Code/derock.blog/src/content/blog/Science Olympiad Robot Tour.mdx?astroPropagatedAssets
    [...] See full stack trace in the browser, or rerun with --verbose.
18:20:48 [ERROR] Failed to load url ../../images/ (resolved id: ../../images/) in /home/derock/Documents/Code/derock.blog/src/content/blog/Science Olympiad Robot Tour.mdx. Does the file exist?
  Stack trace:
    at /home/derock/Documents/Code/derock.blog/src/content/blog/Science Olympiad Robot Tour.mdx?astroPropagatedAssets
    [...] See full stack trace in the browser, or rerun with --verbose.
18:20:48 [ERROR] Failed to load url ../../images/ (resolved id: ../../images/) in /home/derock/Documents/Code/derock.blog/src/content/blog/Science Olympiad Robot Tour.mdx. Does the file exist?
  Stack trace:
    at /home/derock/Documents/Code/derock.blog/src/content/blog/Science Olympiad Robot Tour.mdx?astroPropagatedAssets
    [...] See full stack trace in the browser, or rerun with --verbose.
18:20:49 [ERROR] Failed to load url ../../images/ (resolved id: ../../images/) in /home/derock/Documents/Code/derock.blog/src/content/blog/Science Olympiad Robot Tour.mdx. Does the file exist?
  Stack trace:
    at /home/derock/Documents/Code/derock.blog/src/content/blog/Science Olympiad Robot Tour.mdx?astroPropagatedAssets
    [...] See full stack trace in the browser, or rerun with --verbose.
18:20:49 [ERROR] Failed to load url ../../images/ (resolved id: ../../images/) in /home/derock/Documents/Code/derock.blog/src/content/blog/Science Olympiad Robot Tour.mdx. Does the file exist?
  Stack trace:
    at /home/derock/Documents/Code/derock.blog/src/content/blog/Science Olympiad Robot Tour.mdx?astroPropagatedAssets
    [...] See full stack trace in the browser, or rerun with --verbose.
18:20:50 [ERROR] Failed to load url ../../images/ (resolved id: ../../images/) in /home/derock/Documents/Code/derock.blog/src/content/blog/Science Olympiad Robot Tour.mdx. Does the file exist?
  Stack trace:
    at /home/derock/Documents/Code/derock.blog/src/content/blog/Science Olympiad Robot Tour.mdx?astroPropagatedAssets
    [...] See full stack trace in the browser, or rerun with --verbose.
18:20:51 [ERROR] Failed to load url ../../images/ (resolved id: ../../images/) in /home/derock/Documents/Code/derock.blog/src/content/blog/Science Olympiad Robot Tour.mdx. Does the file exist?
  Stack trace:
    at /home/derock/Documents/Code/derock.blog/src/content/blog/Science Olympiad Robot Tour.mdx?astroPropagatedAssets
    [...] See full stack trace in the browser, or rerun with --verbose.
18:20:51 [ERROR] Failed to load url ../../images/ (resolved id: ../../images/) in /home/derock/Documents/Code/derock.blog/src/content/blog/Science Olympiad Robot Tour.mdx. Does the file exist?
  Stack trace:
    at /home/derock/Documents/Code/derock.blog/src/content/blog/Science Olympiad Robot Tour.mdx?astroPropagatedAssets
    [...] See full stack trace in the browser, or rerun with --verbose.
18:20:52 [ERROR] Failed to load url ../../images/ (resolved id: ../../images/) in /home/derock/Documents/Code/derock.blog/src/content/blog/Science Olympiad Robot Tour.mdx. Does the file exist?
  Stack trace:
    at /home/derock/Documents/Code/derock.blog/src/content/blog/Science Olympiad Robot Tour.mdx?astroPropagatedAssets
    [...] See full stack trace in the browser, or rerun with --verbose.
18:20:53 [ERROR] Failed to load url ../../images/ (resolved id: ../../images/) in /home/derock/Documents/Code/derock.blog/src/content/blog/Science Olympiad Robot Tour.mdx. Does the file exist?
  Stack trace:
    at /home/derock/Documents/Code/derock.blog/src/content/blog/Science Olympiad Robot Tour.mdx?astroPropagatedAssets
    [...] See full stack trace in the browser, or rerun with --verbose.
18:20:53 [ERROR] Failed to load url ../../images/ (resolved id: ../../images/) in /home/derock/Documents/Code/derock.blog/src/content/blog/Science Olympiad Robot Tour.mdx. Does the file exist?
  Stack trace:
    at /home/derock/Documents/Code/derock.blog/src/content/blog/Science Olympiad Robot Tour.mdx?astroPropagatedAssets
    [...] See full stack trace in the browser, or rerun with --verbose.
18:20:54 [ERROR] Failed to load url ../../images/ (resolved id: ../../images/) in /home/derock/Documents/Code/derock.blog/src/content/blog/Science Olympiad Robot Tour.mdx. Does the file exist?
  Stack trace:
    at /home/derock/Documents/Code/derock.blog/src/content/blog/Science Olympiad Robot Tour.mdx?astroPropagatedAssets
    [...] See full stack trace in the browser, or rerun with --verbose.
18:20:55 [ERROR] Failed to load url ../../images/ (resolved id: ../../images/) in /home/derock/Documents/Code/derock.blog/src/content/blog/Science Olympiad Robot Tour.mdx. Does the file exist?
  Stack trace:
    at /home/derock/Documents/Code/derock.blog/src/content/blog/Science Olympiad Robot Tour.mdx?astroPropagatedAssets
    [...] See full stack trace in the browser, or rerun with --verbose.
18:20:56 [ERROR] Failed to load url ../../images/ (resolved id: ../../images/) in /home/derock/Documents/Code/derock.blog/src/content/blog/Science Olympiad Robot Tour.mdx. Does the file exist?
  Stack trace:
    at /home/derock/Documents/Code/derock.blog/src/content/blog/Science Olympiad Robot Tour.mdx?astroPropagatedAssets
    [...] See full stack trace in the browser, or rerun with --verbose.
18:20:56 [ERROR] Failed to load url ../../images/ (resolved id: ../../images/) in /home/derock/Documents/Code/derock.blog/src/content/blog/Science Olympiad Robot Tour.mdx. Does the file exist?
  Stack trace:
    at /home/derock/Documents/Code/derock.blog/src/content/blog/Science Olympiad Robot Tour.mdx?astroPropagatedAssets
    [...] See full stack trace in the browser, or rerun with --verbose.
18:20:57 [ERROR] Failed to load url ../../images/ (resolved id: ../../images/) in /home/derock/Documents/Code/derock.blog/src/content/blog/Science Olympiad Robot Tour.mdx. Does the file exist?
  Stack trace:
    at /home/derock/Documents/Code/derock.blog/src/content/blog/Science Olympiad Robot Tour.mdx?astroPropagatedAssets
    [...] See full stack trace in the browser, or rerun with --verbose.
18:20:57 [ERROR] Failed to load url ../../images/ (resolved id: ../../images/) in /home/derock/Documents/Code/derock.blog/src/content/blog/Science Olympiad Robot Tour.mdx. Does the file exist?
  Stack trace:
    at /home/derock/Documents/Code/derock.blog/src/content/blog/Science Olympiad Robot Tour.mdx?astroPropagatedAssets
    [...] See full stack trace in the browser, or rerun with --verbose.
18:20:58 [ERROR] Failed to load url ../../images/ (resolved id: ../../images/) in /home/derock/Documents/Code/derock.blog/src/content/blog/Science Olympiad Robot Tour.mdx. Does the file exist?
  Stack trace:
    at /home/derock/Documents/Code/derock.blog/src/content/blog/Science Olympiad Robot Tour.mdx?astroPropagatedAssets
    [...] See full stack trace in the browser, or rerun with --verbose.
18:20:59 [ERROR] Failed to load url ../../images/ (resolved id: ../../images/) in /home/derock/Documents/Code/derock.blog/src/content/blog/Science Olympiad Robot Tour.mdx. Does the file exist?
  Stack trace:
    at /home/derock/Documents/Code/derock.blog/src/content/blog/Science Olympiad Robot Tour.mdx?astroPropagatedAssets
    [...] See full stack trace in the browser, or rerun with --verbose.
18:20:59 [ERROR] Failed to load url ../../images/ (resolved id: ../../images/) in /home/derock/Documents/Code/derock.blog/src/content/blog/Science Olympiad Robot Tour.mdx. Does the file exist?
  Stack trace:
    at /home/derock/Documents/Code/derock.blog/src/content/blog/Science Olympiad Robot Tour.mdx?astroPropagatedAssets
    [...] See full stack trace in the browser, or rerun with --verbose.
18:21:00 [ERROR] Failed to load url ../../images/ (resolved id: ../../images/) in /home/derock/Documents/Code/derock.blog/src/content/blog/Science Olympiad Robot Tour.mdx. Does the file exist?
  Stack trace:
    at /home/derock/Documents/Code/derock.blog/src/content/blog/Science Olympiad Robot Tour.mdx?astroPropagatedAssets
    [...] See full stack trace in the browser, or rerun with --verbose.
18:21:00 [watch] src/content/blog/Science Olympiad Robot Tour.mdx
18:21:01 [200] /post/science-olympiad-robot-tour 105ms
18:21:01 [200] /post/science-olympiad-robot-tour 4ms
18:21:01 [200] /_image 62ms
18:24:23 [watch] src/content/blog/Science Olympiad Robot Tour.mdx
18:24:24 [200] /post/science-olympiad-robot-tour 212ms
18:24:34 [watch] src/content/blog/Science Olympiad Robot Tour.mdx
18:24:35 [200] /post/science-olympiad-robot-tour 134ms
18:25:48 [watch] src/content/blog/Science Olympiad Robot Tour.mdx
18:25:48 [200] /post/science-olympiad-robot-tour 203ms
18:26:58 [watch] src/content/blog/Science Olympiad Robot Tour.mdx
18:26:59 [200] /post/science-olympiad-robot-tour 218ms
18:29:03 [watch] src/content/blog/Science Olympiad Robot Tour.mdx
18:29:04 [200] /post/science-olympiad-robot-tour 227ms
18:29:06 [200] /_image 13ms
18:29:14 [watch] src/content/blog/Science Olympiad Robot Tour.mdx
18:29:14 [200] /post/science-olympiad-robot-tour 138ms
18:29:57 [watch] src/content/blog/Science Olympiad Robot Tour.mdx
18:29:57 [200] /post/science-olympiad-robot-tour 210ms
18:30:02 [watch] src/content/blog/Science Olympiad Robot Tour.mdx
18:30:02 [200] /post/science-olympiad-robot-tour 138ms
18:31:49 [watch] src/content/blog/Science Olympiad Robot Tour.mdx
18:31:49 [200] /post/science-olympiad-robot-tour 155ms
18:32:54 [watch] src/content/blog/Science Olympiad Robot Tour.mdx
18:32:54 [200] /post/science-olympiad-robot-tour 216ms
18:35:29 [watch] src/content/blog/Science Olympiad Robot Tour.mdx
18:35:30 [200] /post/science-olympiad-robot-tour 208ms
18:39:05 [watch] src/content/blog/Science Olympiad Robot Tour.mdx
18:39:05 [200] /post/science-olympiad-robot-tour 223ms
18:39:13 [watch] src/content/blog/Science Olympiad Robot Tour.mdx
18:39:15 [200] /post/science-olympiad-robot-tour 211ms
18:39:22 [watch] src/content/blog/Science Olympiad Robot Tour.mdx
18:39:22 [200] /post/science-olympiad-robot-tour 139ms
18:39:25 [watch] src/content/blog/Science Olympiad Robot Tour.mdx
18:39:26 [200] /post/science-olympiad-robot-tour 212ms
18:39:36 [watch] src/content/blog/Science Olympiad Robot Tour.mdx
18:39:37 [200] /post/science-olympiad-robot-tour 146ms
18:39:51 [watch] src/content/blog/Science Olympiad Robot Tour.mdx
18:39:52 [200] /post/science-olympiad-robot-tour 114ms
18:39:56 [watch] src/content/blog/Science Olympiad Robot Tour.mdx
18:39:56 [200] /post/science-olympiad-robot-tour 134ms
18:40:00 [watch] src/content/blog/Science Olympiad Robot Tour.mdx
18:40:01 [200] /post/science-olympiad-robot-tour 121ms
18:41:33 [watch] src/content/blog/Science Olympiad Robot Tour.mdx
18:41:33 [200] /post/science-olympiad-robot-tour 208ms
18:41:43 [watch] src/content/blog/Science Olympiad Robot Tour.mdx
18:41:43 [200] /post/science-olympiad-robot-tour 137ms
18:41:51 [watch] src/content/blog/Science Olympiad Robot Tour.mdx
18:41:52 [200] /post/science-olympiad-robot-tour 207ms
18:42:00 [watch] src/content/blog/Science Olympiad Robot Tour.mdx
18:42:00 [200] /post/science-olympiad-robot-tour 148ms
18:42:03 [watch] src/content/blog/Science Olympiad Robot Tour.mdx
18:42:03 [200] /post/science-olympiad-robot-tour 114ms
19:39:51 [watch] src/content/blog/Science Olympiad Robot Tour.mdx
19:39:52 [200] /post/science-olympiad-robot-tour 214ms
19:40:04 [watch] src/content/blog/Science Olympiad Robot Tour.mdx
19:40:04 [200] /post/science-olympiad-robot-tour 150ms
19:40:20 [watch] src/content/blog/Science Olympiad Robot Tour.mdx
19:40:21 [200] /post/science-olympiad-robot-tour 213ms
19:40:39 [watch] src/content/blog/Science Olympiad Robot Tour.mdx
19:40:40 [200] /post/science-olympiad-robot-tour 215ms
19:40:47 [watch] src/content/blog/Science Olympiad Robot Tour.mdx
19:40:47 [200] /post/science-olympiad-robot-tour 137ms
19:40:52 [watch] src/content/blog/Science Olympiad Robot Tour.mdx
19:40:53 [200] /post/science-olympiad-robot-tour 123ms
19:41:02 [watch] src/content/blog/Science Olympiad Robot Tour.mdx
19:41:03 [200] /post/science-olympiad-robot-tour 237ms
19:41:13 [watch] src/content/blog/Science Olympiad Robot Tour.mdx
19:41:14 [200] /post/science-olympiad-robot-tour 139ms
19:41:17 [watch] src/content/blog/Science Olympiad Robot Tour.mdx
19:41:18 [200] /post/science-olympiad-robot-tour 153ms
19:41:23 [watch] src/content/blog/Science Olympiad Robot Tour.mdx
19:41:24 [200] /post/science-olympiad-robot-tour 121ms
19:41:24 [watch] src/content/blog/Science Olympiad Robot Tour.mdx
19:41:25 [200] /post/science-olympiad-robot-tour 139ms
19:41:34 [watch] src/content/blog/Science Olympiad Robot Tour.mdx
19:41:34 [200] /post/science-olympiad-robot-tour 220ms
19:41:50 [watch] src/content/blog/Science Olympiad Robot Tour.mdx
19:41:51 [200] /post/science-olympiad-robot-tour 146ms
19:42:03 [watch] src/content/blog/Science Olympiad Robot Tour.mdx
19:42:03 [200] /post/science-olympiad-robot-tour 143ms
19:42:12 [watch] src/content/blog/Science Olympiad Robot Tour.mdx
19:42:14 [200] /post/science-olympiad-robot-tour 227ms
19:42:17 [watch] src/content/blog/Science Olympiad Robot Tour.mdx
19:42:18 [200] /post/science-olympiad-robot-tour 149ms
19:42:19 [watch] src/content/blog/Science Olympiad Robot Tour.mdx
19:42:20 [200] /post/science-olympiad-robot-tour 129ms
19:42:29 [watch] src/content/blog/Science Olympiad Robot Tour.mdx
19:42:29 [200] /post/science-olympiad-robot-tour 110ms
19:42:32 [watch] src/content/blog/Science Olympiad Robot Tour.mdx
19:42:33 [200] /post/science-olympiad-robot-tour 216ms
19:43:55 [watch] src/content/blog/Science Olympiad Robot Tour.mdx
19:43:57 [200] /post/science-olympiad-robot-tour 207ms
19:44:03 [watch] src/content/blog/Science Olympiad Robot Tour.mdx
19:44:04 [200] /post/science-olympiad-robot-tour 148ms
19:44:40 [watch] src/content/blog/Science Olympiad Robot Tour.mdx
19:44:41 [200] /post/science-olympiad-robot-tour 206ms
19:44:42 [watch] src/content/blog/Science Olympiad Robot Tour.mdx
19:44:43 [200] /post/science-olympiad-robot-tour 139ms
19:44:45 [watch] src/content/blog/Science Olympiad Robot Tour.mdx
19:44:46 [200] /post/science-olympiad-robot-tour 115ms
19:45:12 [watch] src/content/blog/Science Olympiad Robot Tour.mdx
19:45:13 [200] /post/science-olympiad-robot-tour 217ms
19:45:15 [watch] src/content/blog/Science Olympiad Robot Tour.mdx
19:45:15 [200] /post/science-olympiad-robot-tour 140ms
19:45:22 [watch] src/content/blog/Science Olympiad Robot Tour.mdx
19:45:22 [200] /post/science-olympiad-robot-tour 116ms
19:46:49 [watch] src/content/blog/Science Olympiad Robot Tour.mdx
19:46:50 [200] /post/science-olympiad-robot-tour 223ms
19:47:07 [watch] src/content/blog/Science Olympiad Robot Tour.mdx
19:47:08 [200] /post/science-olympiad-robot-tour 218ms
19:47:09 [watch] src/content/blog/Science Olympiad Robot Tour.mdx
19:47:10 [200] /post/science-olympiad-robot-tour 149ms
19:47:13 [watch] src/content/blog/Science Olympiad Robot Tour.mdx
19:47:14 [200] /post/science-olympiad-robot-tour 124ms
19:47:51 [watch] src/pages/index.astro
19:47:52 [200] /post/science-olympiad-robot-tour 6ms
19:48:07 [200] / 3ms
19:48:22 [watch] src/pages/index.astro
19:48:22 [200] / 3ms
19:48:33 [watch] src/pages/index.astro
19:48:33 [200] / 2ms
19:49:01 [watch] src/pages/index.astro
19:49:02 [200] / 3ms
19:49:34 [watch] src/pages/index.astro
19:49:34 [200] / 3ms
19:49:40 [watch] src/pages/index.astro
19:49:40 [200] / 2ms
19:49:51 [watch] src/pages/index.astro
19:49:51 [200] / 3ms
19:49:51 [ERROR] featured is not defined
  Stack trace:
    at default (/home/derock/Documents/Code/derock.blog/src/pages/index.astro:25:10)
    [...] See full stack trace in the browser, or rerun with --verbose.
19:50:00 [watch] src/pages/index.astro
19:50:00 [200] / 6ms
19:50:12 [watch] src/pages/index.astro
19:50:12 [ERROR] The symbol "featured" has already been declared
  Stack trace:
    at /home/derock/Documents/Code/derock.blog/src/pages/index.astro:16:6
    [...] See full stack trace in the browser, or rerun with --verbose.
19:50:15 [watch] src/pages/index.astro
19:50:15 [200] / 4ms
19:50:19 [watch] src/pages/index.astro
19:50:19 [200] / 2ms
19:50:36 [watch] src/pages/index.astro
19:50:36 [200] / 3ms
19:50:42 [watch] src/pages/index.astro
19:50:42 [200] / 2ms
19:52:00 [200] /post/science-olympiad-robot-tour 6ms
19:52:01 [200] / 3ms
19:52:39 [watch] src/pages/index.astro
19:52:40 [200] / 3ms
19:52:49 [watch] src/layouts/RootLayout.astro
19:52:50 [200] / 2ms
19:53:10 [watch] src/layouts/RootLayout.astro
19:53:11 [200] / 4ms
19:53:13 [200] /post/science-olympiad-robot-tour 6ms
19:53:14 [200] / 2ms
19:53:14 [200] /post/science-olympiad-robot-tour 5ms
19:53:15 [200] / 2ms
19:53:15 [200] /post/science-olympiad-robot-tour 5ms
19:53:16 [200] / 3ms
19:53:16 [200] /post/science-olympiad-robot-tour 5ms
19:53:16 [200] / 2ms
19:53:26 [watch] src/layouts/RootLayout.astro
19:53:27 [200] / 4ms
19:53:28 [200] /post/science-olympiad-robot-tour 5ms
19:53:30 [200] / 2ms
19:53:30 [200] /post/science-olympiad-robot-tour 4ms
19:53:32 [watch] src/layouts/RootLayout.astro
19:53:32 [200] /post/science-olympiad-robot-tour 4ms
19:53:35 [watch] src/layouts/RootLayout.astro
19:53:35 [200] /post/science-olympiad-robot-tour 4ms
19:54:06 [watch] src/pages/post/[...slug].astro
19:54:07 [200] /post/science-olympiad-robot-tour 5ms
19:54:08 [200] /post/science-olympiad-robot-tour 4ms
19:56:17 [watch] src/content/blog/Science Olympiad Robot Tour.mdx
19:56:18 [ERROR] [ImageNotFound] Could not find requested image `../../images/scioly-wireframe-render.png`. Does it exist?
  Hint:
    This is often caused by a typo in the image path. Please make sure the file exists, and is spelled correctly.
  Error reference:
    https://docs.astro.build/en/reference/errors/image-not-found/
  Stack trace:
    at /home/derock/Documents/Code/derock.blog/src/content/blog/Science Olympiad Robot Tour.mdx?astroPropagatedAssets
    [...] See full stack trace in the browser, or rerun with --verbose.
19:56:42 [ERROR] [ImageNotFound] Could not find requested image `../../images/scioly-wireframe-render.png`. Does it exist?
  Hint:
    This is often caused by a typo in the image path. Please make sure the file exists, and is spelled correctly.
  Error reference:
    https://docs.astro.build/en/reference/errors/image-not-found/
  Stack trace:
    at /home/derock/Documents/Code/derock.blog/src/content/blog/Science Olympiad Robot Tour.mdx?astroPropagatedAssets
    [...] See full stack trace in the browser, or rerun with --verbose.
19:56:53 [watch] src/content/blog/Science Olympiad Robot Tour.mdx
19:56:53 [200] /post/science-olympiad-robot-tour 143ms
19:56:53 [200] /_image 179ms
19:57:12 [watch] src/content/blog/Science Olympiad Robot Tour.mdx
19:57:12 [200] /post/science-olympiad-robot-tour 143ms
19:57:19 [watch] src/content/blog/Science Olympiad Robot Tour.mdx
19:57:19 [200] /post/science-olympiad-robot-tour 124ms
19:57:22 [watch] src/content/blog/Science Olympiad Robot Tour.mdx
19:57:22 [200] /post/science-olympiad-robot-tour 143ms
19:57:25 [watch] src/content/blog/Science Olympiad Robot Tour.mdx
19:57:25 [200] /post/science-olympiad-robot-tour 119ms
20:02:27 Configuration file updated. Restarting...
20:02:27 [vite] Re-optimizing dependencies because lockfile has changed
20:04:09 [astro-icon] Loaded icons from fa6-brands, mdi
20:04:10 [200] /post/science-olympiad-robot-tour 315ms
20:04:11 [200] / 3ms
20:04:18 [200] / 2ms
20:04:40 [watch] src/pages/index.astro
20:04:41 [200] / 3ms
20:04:45 [watch] src/pages/index.astro
20:04:45 [200] / 3ms
20:04:50 [watch] src/pages/index.astro
20:04:50 [200] / 3ms
20:05:25 [watch] src/pages/index.astro
20:05:26 [200] / 3ms
20:05:26 [vite] ✨ new dependencies optimized: aos
20:05:26 [vite] ✨ optimized dependencies changed. reloading
20:05:33 [astro-icon] Loaded icons from fa6-brands, mdi
20:05:33 [200] / 10ms
20:05:50 [200] /post/science-olympiad-robot-tour 229ms
20:06:06 [200] / 2ms
20:06:48 [200] /post/science-olympiad-robot-tour 4ms
20:06:50 [200] / 4ms
20:06:55 [watch] src/pages/index.astro
20:06:55 [200] / 2ms
20:07:40 [watch] /src/styles/global.css
20:07:45 [watch] /src/styles/global.css
20:11:14 [watch] src/components/cards/SmallBlogCard.astro
20:11:15 [200] / 3ms
20:11:18 [watch] src/components/cards/SmallBlogCard.astro
20:11:18 [200] / 3ms
20:11:28 [watch] src/components/cards/SmallBlogCard.astro
20:11:28 [200] / 3ms
20:11:30 [watch] src/components/cards/SmallBlogCard.astro
20:11:30 [200] / 3ms
20:11:33 [200] / 2ms
20:11:34 [200] / 3ms
20:11:35 [200] / 4ms
20:11:55 [watch] src/components/cards/BlogCard.astro
20:11:55 [200] / 3ms
20:12:30 [watch] src/pages/index.astro
20:12:30 [200] / 4ms
20:12:31 [200] / 3ms
20:12:33 [200] / 2ms
20:12:37 [200] / 3ms
20:12:39 [200] / 3ms
20:12:41 [200] / 3ms
20:12:41 [200] / 3ms
20:12:42 [200] / 3ms
20:12:43 [200] / 3ms
20:12:43 [200] / 3ms
20:12:44 [200] /post/science-olympiad-robot-tour 5ms
